✓ p1_deckenbahn_west (22 Zellen): alle fuenf Gesetze halten
✓ p1_deckenbahn_mitte (22 Zellen): alle fuenf Gesetze halten
✓ p1_deckenbahn_ost (20 Zellen): alle fuenf Gesetze halten
✓ p1_hallenboden (336 Zellen): alle fuenf Gesetze halten
✓ p1_ostpodest (148 Zellen): alle fuenf Gesetze halten
✓ p2_regal_turm_boden (185 Zellen): alle fuenf Gesetze halten
✓ p2_deckenbahn_west (32 Zellen): alle fuenf Gesetze halten
✓ p2_deckenbahn_mitte (31 Zellen): alle fuenf Gesetze halten
✓ p2_tafelgeruest (39 Zellen): alle fuenf Gesetze halten
✓ p2_deckenbahn_ost (51 Zellen): alle fuenf Gesetze halten
✓ p2_pultreihe_r9 (20 Zellen): alle fuenf Gesetze halten
✓ p2_ostwand_treppe_boden (269 Zellen): alle fuenf Gesetze halten
✓ p3_deckenbahn_west (22 Zellen): alle fuenf Gesetze halten
✓ p3_deckenbahn_mitte (22 Zellen): alle fuenf Gesetze halten
✓ p3_deckenbahn_ost (20 Zellen): alle fuenf Gesetze halten
✓ p3_westterrasse_rutsche (194 Zellen): alle fuenf Gesetze halten
✓ p3_mittelpfeiler (48 Zellen): alle fuenf Gesetze halten
✓ p3_ostmauer_sims (186 Zellen): alle fuenf Gesetze halten
✓ p4_deckenbahn (36 Zellen): alle fuenf Gesetze halten
✓ p4_buehne_podeste (84 Zellen): alle fuenf Gesetze halten
✓ p9_deckenbahn (44 Zellen): alle fuenf Gesetze halten
✓ p9_kammerboden (176 Zellen): alle fuenf Gesetze halten
✓ p9_oberer_sims (5 Zellen): alle fuenf Gesetze halten
