{
  "scope": "single-source authoring probe, not the chapter gate",
  "errors": [
    "single-neutral: right-cover-inner is not a broad opaque white body material",
    "single-neutral: anatomical mask is only a small detail of the object"
  ],
  "regions": [
    {
      "id": "left-cover-upper",
      "area": 8658,
      "coverage": 0.9780549780549781,
      "componentShare": 0.9580734580734581,
      "coreShare": 0.8782628782628783,
      "lumaQuantiles": [
        233.984,
        242.7072,
        246.84759999999997
      ],
      "chromaQuantiles": [
        4,
        8,
        9
      ]
    },
    {
      "id": "left-cover-lower",
      "area": 3136,
      "coverage": 1,
      "componentShare": 1,
      "coreShare": 0.8622448979591837,
      "lumaQuantiles": [
        240.2046,
        242.9198,
        244.992
      ],
      "chromaQuantiles": [
        7,
        8,
        9
      ]
    },
    {
      "id": "left-cover-inner",
      "area": 2520,
      "coverage": 0.9714285714285714,
      "componentShare": 0.9678571428571429,
      "coreShare": 0.7869047619047619,
      "lumaQuantiles": [
        217.99200000000002,
        240.06419999999997,
        243.27679999999998
      ],
      "chromaQuantiles": [
        7,
        9,
        10
      ]
    },
    {
      "id": "right-cover-upper",
      "area": 4674,
      "coverage": 0.9694052203679931,
      "componentShare": 0.936670945656825,
      "coreShare": 0.8305519897304237,
      "lumaQuantiles": [
        226.77939999999998,
        240.99199999999996,
        251.99599999999998
      ],
      "chromaQuantiles": [
        2,
        8,
        9
      ]
    },
    {
      "id": "right-cover-main",
      "area": 15006,
      "coverage": 0.9856057576969213,
      "componentShare": 0.9696121551379449,
      "coreShare": 0.9116353458616553,
      "lumaQuantiles": [
        224.635,
        240.2046,
        243.7794
      ],
      "chromaQuantiles": [
        7,
        8,
        9
      ]
    },
    {
      "id": "right-cover-inner",
      "area": 1606,
      "coverage": 0.8194271481942715,
      "componentShare": 0.44831880448318806,
      "coreShare": 0.5180572851805728,
      "lumaQuantiles": [
        20.2022,
        228.06419999999997,
        248.8516
      ],
      "chromaQuantiles": [
        2,
        8,
        9
      ]
    },
    {
      "id": "blank-page-upper",
      "area": 3285,
      "coverage": 1,
      "componentShare": 1,
      "coreShare": 0.8611872146118722,
      "lumaQuantiles": [
        244.9198,
        248.77939999999998,
        250.8516
      ],
      "chromaQuantiles": [
        6,
        7,
        9
      ]
    },
    {
      "id": "blank-page-lower",
      "area": 2268,
      "coverage": 1,
      "componentShare": 1,
      "coreShare": 0.8148148148148148,
      "lumaQuantiles": [
        241.9198,
        245.992,
        248.27679999999998
      ],
      "chromaQuantiles": [
        7,
        8,
        9
      ]
    }
  ],
  "interiorCount": 135551,
  "maskInteriorShare": 0.3035979077985408,
  "wholeTargetShare": 0.8069803985215896
}
